---
source: tests/cli/main.rs
expression: stdout
---
Found 2 mutants to test
ok       Unmutated baseline
2 mutants tested: 2 caught

