---
source: tests/cli/error_value.rs
expression: stdout
---
Found 3 mutants to test
ok         Unmutated baseline
caught     src/lib.rs:4:5: replace even_is_ok -> Result<u32, &'static str> with Ok(0)
caught     src/lib.rs:4:5: replace even_is_ok -> Result<u32, &'static str> with Ok(1)
caught     src/lib.rs:4:14: replace == with != in even_is_ok
3 mutants tested: 3 caught

