---
source: tests/cli/main.rs
expression: stdout
---
Found 38 mutants to test
Unmutated baseline ... ok
src/arc.rs:3: replace return_arc -> Arc<String> with Arc::new(String::new()) ... caught
src/arc.rs:3: replace return_arc -> Arc<String> with Arc::new("xyzzy".into()) ... caught
src/inside_mod.rs:3: replace outer::inner::name -> &'static str with "" ... caught
src/inside_mod.rs:3: replace outer::inner::name -> &'static str with "xyzzy" ... caught
src/methods.rs:16: replace Foo::double with () ... caught
src/methods.rs:22: replace <impl Display for Foo>::fmt -> fmt::Result with Ok(Default::default()) ... caught
src/methods.rs:28: replace <impl Debug for &Foo>::fmt -> fmt::Result with Ok(Default::default()) ... caught
src/nested_function.rs:1: replace has_nested -> u32 with 0 ... caught
src/nested_function.rs:1: replace has_nested -> u32 with 1 ... caught
src/nested_function.rs:2: replace has_nested::inner -> u32 with 0 ... caught
src/nested_function.rs:2: replace has_nested::inner -> u32 with 1 ... caught
src/numbers.rs:1: replace double_float -> f32 with 0.0 ... caught
src/numbers.rs:1: replace double_float -> f32 with 1.0 ... caught
src/numbers.rs:1: replace double_float -> f32 with -1.0 ... caught
src/result.rs:5: replace simple_result -> Result<&'static str, ()> with Ok("") ... caught
src/result.rs:5: replace simple_result -> Result<&'static str, ()> with Ok("xyzzy") ... caught
src/result.rs:9: replace error_if_negative -> Result<(), ()> with Ok(()) ... caught
src/result.rs:17: replace result_with_no_apparent_type_args -> std::fmt::Result with Ok(Default::default()) ... caught
src/sets.rs:3: replace make_a_set -> BTreeSet<String> with BTreeSet::new() ... caught
src/sets.rs:3: replace make_a_set -> BTreeSet<String> with BTreeSet::from_iter([String::new()]) ... caught
src/sets.rs:3: replace make_a_set -> BTreeSet<String> with BTreeSet::from_iter(["xyzzy".into()]) ... caught
src/simple_fns.rs:7: replace returns_unit with () ... caught
src/simple_fns.rs:12: replace returns_42u32 -> u32 with 0 ... caught
src/simple_fns.rs:12: replace returns_42u32 -> u32 with 1 ... caught
src/simple_fns.rs:17: replace divisible_by_three -> bool with true ... caught
src/simple_fns.rs:17: replace divisible_by_three -> bool with false ... caught
src/simple_fns.rs:26: replace double_string -> String with String::new() ... caught
src/simple_fns.rs:26: replace double_string -> String with "xyzzy".into() ... caught
src/slices.rs:3: replace pad -> &'a[Cow<'static, str>] with Vec::leak(Vec::new()) ... caught
src/slices.rs:3: replace pad -> &'a[Cow<'static, str>] with Vec::leak(vec![Cow::Borrowed("")]) ... caught
src/slices.rs:3: replace pad -> &'a[Cow<'static, str>] with Vec::leak(vec![Cow::Owned("".to_owned())]) ... caught
src/slices.rs:3: replace pad -> &'a[Cow<'static, str>] with Vec::leak(vec![Cow::Borrowed("xyzzy")]) ... caught
src/slices.rs:3: replace pad -> &'a[Cow<'static, str>] with Vec::leak(vec![Cow::Owned("xyzzy".to_owned())]) ... caught
src/slices.rs:12: replace return_mut_slice -> &mut[usize] with Vec::leak(Vec::new()) ... caught
src/slices.rs:12: replace return_mut_slice -> &mut[usize] with Vec::leak(vec![0]) ... caught
src/slices.rs:12: replace return_mut_slice -> &mut[usize] with Vec::leak(vec![1]) ... caught
src/struct_with_lifetime.rs:14: replace Lex<'buf>::buf_len -> usize with 0 ... caught
src/struct_with_lifetime.rs:14: replace Lex<'buf>::buf_len -> usize with 1 ... caught
38 mutants tested: 38 caught

