---
source: tests/cli/main.rs
expression: stdout
---
Found 2 mutants to test
Unmutated baseline ... ok
2 mutants tested: 2 caught

