---
source: tests/cli/main.rs
expression: "String::from_utf8_lossy(&output.stdout)"
---
src/methods.rs:2:5: replace double -> usize with 0
src/methods.rs:2:5: replace double -> usize with 1

