---
source: tests/cli/main.rs
expression: stdout
---
Found 1 mutant to test
Unmutated baseline ... ok
src/lib.rs:15:5: replace controlled_loop with () ... ok
1 mutant tested: 1 succeeded

