---
source: tests/cli/main.rs
expression: stdout
---
Found 46 mutants to test
Unmutated baseline ... ok
46 mutants tested: 46 caught

