---
source: tests/cli/main.rs
expression: buf
---
## testdata/already_failing_doctests

```
src/lib.rs:10:5: replace takes_one_arg -> usize with 0
src/lib.rs:10:5: replace takes_one_arg -> usize with 1
```

## testdata/already_failing_tests

```
src/lib.rs:2:5: replace factorial -> u32 with 0
src/lib.rs:2:5: replace factorial -> u32 with 1
```

## testdata/already_hangs

```
src/lib.rs:12:5: replace infinite_loop with ()
```

## testdata/cdylib

```
src/entry.rs:2:5: replace factorial -> u32 with 0
src/entry.rs:2:5: replace factorial -> u32 with 1
```

## testdata/cfg_attr_mutants_skip

```
```

## testdata/cfg_attr_test_skip

```
src/lib.rs:18:5: replace double -> usize with 0
src/lib.rs:18:5: replace double -> usize with 1
```

## testdata/dependency

```
src/lib.rs:2:5: replace factorial -> u32 with 0
src/lib.rs:2:5: replace factorial -> u32 with 1
```

## testdata/diff0

```
src/lib.rs:2:5: replace one -> String with String::new()
src/lib.rs:2:5: replace one -> String with "xyzzy".into()
```

## testdata/diff1

```
src/lib.rs:2:5: replace one -> String with String::new()
src/lib.rs:2:5: replace one -> String with "xyzzy".into()
src/lib.rs:6:5: replace two -> String with String::new()
src/lib.rs:6:5: replace two -> String with "xyzzy".into()
```

## testdata/error_value

```
src/lib.rs:4:5: replace even_is_ok -> Result<u32, &'static str> with Ok(0)
src/lib.rs:4:5: replace even_is_ok -> Result<u32, &'static str> with Ok(1)
src/lib.rs:4:5: replace even_is_ok -> Result<u32, &'static str> with Err("injected")
src/lib.rs:4:14: replace == with != in even_is_ok
```

## testdata/everything_skipped

```
```

## testdata/factorial

```
src/bin/factorial.rs:2:5: replace main with ()
src/bin/factorial.rs:8:5: replace factorial -> u32 with 0
src/bin/factorial.rs:8:5: replace factorial -> u32 with 1
```

## testdata/fails_without_feature

```
src/bin/factorial.rs:10:5: replace factorial -> u32 with 0
src/bin/factorial.rs:10:5: replace factorial -> u32 with 1
```

## testdata/hang_avoided_by_attr

```
src/lib.rs:15:5: replace controlled_loop with ()
```

## testdata/hang_when_mutated

```
src/lib.rs:13:5: replace should_stop -> bool with true
src/lib.rs:13:5: replace should_stop -> bool with false
src/lib.rs:26:5: replace controlled_loop -> usize with 0
src/lib.rs:26:5: replace controlled_loop -> usize with 1
```

## testdata/insta

```
src/lib.rs:2:5: replace say_hello -> String with String::new()
src/lib.rs:2:5: replace say_hello -> String with "xyzzy".into()
```

## testdata/integration_tests

```
src/lib.rs:2:5: replace double -> u32 with 0
src/lib.rs:2:5: replace double -> u32 with 1
```

## testdata/missing_test

```
src/lib.rs:2:5: replace is_symlink -> bool with true
src/lib.rs:2:5: replace is_symlink -> bool with false
```

## testdata/mut_ref

```
src/lib.rs:2:5: replace returns_mut_ref -> &mut u32 with Box::leak(Box::new(0))
src/lib.rs:2:5: replace returns_mut_ref -> &mut u32 with Box::leak(Box::new(1))
```

## testdata/never_type

```
```

## testdata/nightly_only

```
src/lib.rs:3:5: replace box_an_int -> Box<i32> with Box::new(0)
src/lib.rs:3:5: replace box_an_int -> Box<i32> with Box::new(1)
src/lib.rs:3:5: replace box_an_int -> Box<i32> with Box::new(-1)
```

## testdata/override_dependency

```
src/lib.rs:7:5: replace is_even -> bool with true
src/lib.rs:7:5: replace is_even -> bool with false
src/lib.rs:7:11: replace == with != in is_even
```

## testdata/package_fails

```
failing/src/lib.rs:2:5: replace triple -> usize with 0
failing/src/lib.rs:2:5: replace triple -> usize with 1
passing/src/lib.rs:2:5: replace triple -> usize with 0
passing/src/lib.rs:2:5: replace triple -> usize with 1
```

## testdata/patch_dependency

```
src/lib.rs:7:5: replace is_even -> bool with true
src/lib.rs:7:5: replace is_even -> bool with false
src/lib.rs:7:11: replace == with != in is_even
```

## testdata/relative_dependency

```
src/lib.rs:6:5: replace double_factorial -> u32 with 0
src/lib.rs:6:5: replace double_factorial -> u32 with 1
```

## testdata/replace_dependency

```
src/lib.rs:7:5: replace is_even -> bool with true
src/lib.rs:7:5: replace is_even -> bool with false
src/lib.rs:7:11: replace == with != in is_even
```

## testdata/small_well_tested

```
src/lib.rs:5:5: replace factorial -> u32 with 0
src/lib.rs:5:5: replace factorial -> u32 with 1
```

## testdata/strict_warnings

```
src/lib.rs:6:5: replace some_fn -> usize with 0
src/lib.rs:6:5: replace some_fn -> usize with 1
```

## testdata/struct_with_no_default

```
src/lib.rs:12:5: replace make_an_s -> S with Default::default()
```

## testdata/symlink

```
src/lib.rs:4:5: replace read_through_symlink -> String with String::new()
src/lib.rs:4:5: replace read_through_symlink -> String with "xyzzy".into()
```

## testdata/typecheck_fails

```
src/lib.rs:6:5: replace try_value_coercion -> String with String::new()
src/lib.rs:6:5: replace try_value_coercion -> String with "xyzzy".into()
```

## testdata/unapply

```
src/a.rs:2:5: replace one -> i32 with 0
src/a.rs:2:5: replace one -> i32 with 1
src/a.rs:2:5: replace one -> i32 with -1
src/b.rs:2:5: replace one_untested -> i32 with 0
src/b.rs:2:5: replace one_untested -> i32 with 1
src/b.rs:2:5: replace one_untested -> i32 with -1
src/c.rs:2:5: replace one -> i32 with 0
src/c.rs:2:5: replace one -> i32 with 1
src/c.rs:2:5: replace one -> i32 with -1
```

## testdata/unsafe

```
```

## testdata/well_tested

```
src/arc.rs:4:5: replace return_arc -> Arc<String> with Arc::new(String::new())
src/arc.rs:4:5: replace return_arc -> Arc<String> with Arc::new("xyzzy".into())
src/inside_mod.rs:4:13: replace outer::inner::name -> &'static str with ""
src/inside_mod.rs:4:13: replace outer::inner::name -> &'static str with "xyzzy"
src/methods.rs:17:9: replace Foo::double with ()
src/methods.rs:23:9: replace <impl Display for Foo>::fmt -> fmt::Result with Ok(Default::default())
src/methods.rs:29:9: replace <impl Debug for &Foo>::fmt -> fmt::Result with Ok(Default::default())
src/nested_function.rs:2:5: replace has_nested -> u32 with 0
src/nested_function.rs:2:5: replace has_nested -> u32 with 1
src/nested_function.rs:3:9: replace has_nested::inner -> u32 with 0
src/nested_function.rs:3:9: replace has_nested::inner -> u32 with 1
src/numbers.rs:2:5: replace double_float -> f32 with 0.0
src/numbers.rs:2:5: replace double_float -> f32 with 1.0
src/numbers.rs:2:5: replace double_float -> f32 with -1.0
src/numbers.rs:6:5: replace is_double -> bool with true
src/numbers.rs:6:5: replace is_double -> bool with false
src/numbers.rs:6:7: replace == with != in is_double
src/result.rs:6:5: replace simple_result -> Result<&'static str, ()> with Ok("")
src/result.rs:6:5: replace simple_result -> Result<&'static str, ()> with Ok("xyzzy")
src/result.rs:10:5: replace error_if_negative -> Result<(), ()> with Ok(())
src/result.rs:18:5: replace result_with_no_apparent_type_args -> std::fmt::Result with Ok(Default::default())
src/sets.rs:4:5: replace make_a_set -> BTreeSet<String> with BTreeSet::new()
src/sets.rs:4:5: replace make_a_set -> BTreeSet<String> with BTreeSet::from_iter([String::new()])
src/sets.rs:4:5: replace make_a_set -> BTreeSet<String> with BTreeSet::from_iter(["xyzzy".into()])
src/simple_fns.rs:8:5: replace returns_unit with ()
src/simple_fns.rs:13:5: replace returns_42u32 -> u32 with 0
src/simple_fns.rs:13:5: replace returns_42u32 -> u32 with 1
src/simple_fns.rs:18:5: replace divisible_by_three -> bool with true
src/simple_fns.rs:18:5: replace divisible_by_three -> bool with false
src/simple_fns.rs:18:11: replace == with != in divisible_by_three
src/simple_fns.rs:27:5: replace double_string -> String with String::new()
src/simple_fns.rs:27:5: replace double_string -> String with "xyzzy".into()
src/slices.rs:4:5: replace pad -> &'a[Cow<'static, str>] with Vec::leak(Vec::new())
src/slices.rs:4:5: replace pad -> &'a[Cow<'static, str>] with Vec::leak(vec![Cow::Borrowed("")])
src/slices.rs:4:5: replace pad -> &'a[Cow<'static, str>] with Vec::leak(vec![Cow::Owned("".to_owned())])
src/slices.rs:4:5: replace pad -> &'a[Cow<'static, str>] with Vec::leak(vec![Cow::Borrowed("xyzzy")])
src/slices.rs:4:5: replace pad -> &'a[Cow<'static, str>] with Vec::leak(vec![Cow::Owned("xyzzy".to_owned())])
src/slices.rs:13:5: replace return_mut_slice -> &mut[usize] with Vec::leak(Vec::new())
src/slices.rs:13:5: replace return_mut_slice -> &mut[usize] with Vec::leak(vec![0])
src/slices.rs:13:5: replace return_mut_slice -> &mut[usize] with Vec::leak(vec![1])
src/struct_with_lifetime.rs:15:9: replace Lex<'buf>::buf_len -> usize with 0
src/struct_with_lifetime.rs:15:9: replace Lex<'buf>::buf_len -> usize with 1
```

## testdata/with_child_directories

```
src/methods.rs:2:5: replace double -> usize with 0
src/methods.rs:2:5: replace double -> usize with 1
src/module/module_methods.rs:2:5: replace double -> usize with 0
src/module/module_methods.rs:2:5: replace double -> usize with 1
src/module/utils/inside_mod.rs:4:13: replace outer::inner::name -> &'static str with ""
src/module/utils/inside_mod.rs:4:13: replace outer::inner::name -> &'static str with "xyzzy"
src/module/utils/nested_function.rs:2:5: replace has_nested -> u32 with 0
src/module/utils/nested_function.rs:2:5: replace has_nested -> u32 with 1
src/module/utils/nested_function.rs:3:9: replace has_nested::inner -> u32 with 0
src/module/utils/nested_function.rs:3:9: replace has_nested::inner -> u32 with 1
src/module/utils/sub_utils/subutils_nested_function.rs:2:5: replace has_nested -> u32 with 0
src/module/utils/sub_utils/subutils_nested_function.rs:2:5: replace has_nested -> u32 with 1
src/module/utils/sub_utils/subutils_nested_function.rs:3:9: replace has_nested::inner -> u32 with 0
src/module/utils/sub_utils/subutils_nested_function.rs:3:9: replace has_nested::inner -> u32 with 1
```

## testdata/workspace

```
utils/src/lib.rs:2:5: replace triple -> i32 with 0
utils/src/lib.rs:2:5: replace triple -> i32 with 1
utils/src/lib.rs:2:5: replace triple -> i32 with -1
main/src/main.rs:12:5: replace factorial -> u32 with 0
main/src/main.rs:12:5: replace factorial -> u32 with 1
main2/src/main.rs:10:5: replace triple_3 -> i32 with 0
main2/src/main.rs:10:5: replace triple_3 -> i32 with 1
main2/src/main.rs:10:5: replace triple_3 -> i32 with -1
```


