---
source: tests/cli/main.rs
expression: "String::from_utf8_lossy(&output.stdout)"
---
src/nested_function.rs:1: replace has_nested -> u32 with 0
src/nested_function.rs:1: replace has_nested -> u32 with 1
src/nested_function.rs:2: replace has_nested::inner -> u32 with 0
src/nested_function.rs:2: replace has_nested::inner -> u32 with 1

