---
source: tests/cli/main.rs
expression: stdout
---
Found 3 mutants to test
Unmutated baseline ... ok
3 mutants tested: 3 caught

