---
source: tests/cli/main.rs
expression: "String::from_utf8_lossy(&output.stdout)"
---
[
  {
    "file": "src/bin/factorial.rs",
    "function": {
      "function_name": "main",
      "return_type": ""
    },
    "genre": "FnValue",
    "line": 1,
    "package": "cargo-mutants-testdata-factorial",
    "replacement": "()"
  },
  {
    "file": "src/bin/factorial.rs",
    "function": {
      "function_name": "factorial",
      "return_type": "-> u32"
    },
    "genre": "FnValue",
    "line": 7,
    "package": "cargo-mutants-testdata-factorial",
    "replacement": "0"
  },
  {
    "file": "src/bin/factorial.rs",
    "function": {
      "function_name": "factorial",
      "return_type": "-> u32"
    },
    "genre": "FnValue",
    "line": 7,
    "package": "cargo-mutants-testdata-factorial",
    "replacement": "1"
  }
]
