---
source: tests/cli.rs
expression: stdout

---
check source tree ... check ok
copy source and build products to scratch directory ... done
baseline test with no mutations ... check ok
src/inside_mod.rs:3: replace outer::inner::name -> & 'static str with Default::default() ... check ok
src/lib.rs:21: replace returns_unit with () ... check ok
src/lib.rs:26: replace returns_42u32 -> u32 with Default::default() ... check ok
src/lib.rs:31: replace divisible_by_three -> bool with true ... check ok
src/lib.rs:31: replace divisible_by_three -> bool with false ... check ok
src/lib.rs:40: replace double_string -> String with "".into() ... check ok
src/lib.rs:40: replace double_string -> String with "xyzzy".into() ... check ok
src/nested_function.rs:1: replace has_nested -> u32 with Default::default() ... check ok
src/nested_function.rs:2: replace inner -> u32 with Default::default() ... check ok
src/result.rs:5: replace simple_result -> Result < & 'static str , () > with Ok(Default::default()) ... check ok
src/result.rs:9: replace error_if_negative -> Result < () , () > with Ok(Default::default()) ... check ok

