---
source: tests/cli.rs
expression: "String::from_utf8_lossy(&output.stdout)"

---
src/bin/main.rs                ReturnDefault main
src/bin/main.rs                ReturnDefault factorial

