---
source: tests/cli.rs
expression: stdout

---
check source tree ... check ok
copy source and build products to scratch directory ... done
baseline test with no mutations ... check ok
src/lib.rs:1: replace factorial -> u32 with Default::default() ... check ok

