---
source: tests/cli.rs
expression: stdout

---
build source tree ... ok
copy source and build products to scratch directory ... done
baseline test with no mutations ... ok
src/inside_mod.rs:3: replace outer::inner::name -> & 'static str with Default::default() ... caught
src/lib.rs:20: replace returns_unit with () ... caught
src/lib.rs:25: replace returns_42u32 -> u32 with Default::default() ... caught
src/lib.rs:30: replace divisible_by_three -> bool with true ... caught
src/lib.rs:30: replace divisible_by_three -> bool with false ... caught
src/lib.rs:39: replace double_string -> String with "".into() ... caught
src/lib.rs:39: replace double_string -> String with "xyzzy".into() ... caught
src/result.rs:5: replace simple_result -> Result < & 'static str , () > with Ok(Default::default()) ... caught
src/result.rs:9: replace error_if_negative -> Result < () , () > with Ok(Default::default()) ... caught

