---
source: tests/cli.rs
assertion_line: 289
expression: stdout

---
check source tree ... ok
copy source and build products to scratch directory ... done
unmutated baseline ... ok
src/lib.rs:1: replace factorial -> u32 with Default::default() ... check ok

