---
source: tests/cli.rs
expression: stdout
---
Copy source to scratch directory ... done
Unmutated baseline ... ok
Found 1 mutant to test
src/entry.rs:1: replace factorial -> u32 with Default::default() ... caught
1 mutant tested: 1 caught

