---
source: tests/cli.rs
expression: stdout
---
Copy source to scratch directory ... done
Unmutated baseline ... ok
Found 1 mutant to test
1 mutant tested: 1 caught

